
> jastute@0.1.0 build C:\Users\jgath\Internship\jastute
> next build

   Ôû▓ Next.js 15.5.6

